// Jest Snapshot v1, https://goo.gl/fbAQLP

exports[`<GameUpcomingList/> should matches the snapshot 1`] = `
Array [
  <div>
    <h4>
      id: 
      V4_2019-04-04_6_6
    </h4>
    <h5>
      start time: 
      2019-04-04T20:14:00
    </h5>
    <button
      onClick={[Function]}
    >
      +
    </button>
    <hr />
  </div>,
  <div>
    <h4>
      id: 
      V4_2019-04-04_32_6
    </h4>
    <h5>
      start time: 
      2019-04-04T20:22:00
    </h5>
    <button
      onClick={[Function]}
    >
      +
    </button>
    <hr />
  </div>,
]
`;
