// Jest Snapshot v1, https://goo.gl/fbAQLP

exports[`<App/> should matches the snapshot 1`] = `
<div>
  <h1>
    landing page
  </h1>
  <form
    action=""
    onSubmit={[Function]}
  >
    <input
      id="gamedId"
      name="gamedId"
      onChange={[Function]}
      type="text"
      value=""
    />
    <button>
      search
    </button>
  </form>
</div>
`;
